// Jest Snapshot v1, https://goo.gl/fbAQLP

exports[`renders correctly 1`] = `
<View
  accessible={true}
  collapsable={false}
  focusable={false}
  onClick={[Function]}
  onResponderGrant={[Function]}
  onResponderMove={[Function]}
  onResponderRelease={[Function]}
  onResponderTerminate={[Function]}
  onResponderTerminationRequest={[Function]}
  onStartShouldSetResponder={[Function]}
  style={
    {
      "bottom": 40,
      "opacity": 1,
      "position": "absolute",
      "right": 30,
    }
  }
  testID="start-score-button-touchableopacity"
>
  <LinearGradient
    colors={
      [
        "#1e293b",
        "#1e293b",
        "#334155",
        "#334155",
      ]
    }
    style={
      {
        "borderRadius": 10,
        "padding": 10,
      }
    }
    testID="start-score-button-lineargradient"
  >
    <FontAwesome5
      color="#fff"
      name="table"
      size={30}
    />
  </LinearGradient>
</View>
`;
